ARM Linker, 5.03 [Build 76] [MDK-ARM Lite]

==============================================================================

Section Cross References

    startup.o(STACK) refers (Special) to heapauxi.o(.text) for __use_two_region_memory
    startup.o(HEAP) refers (Special) to heapauxi.o(.text) for __use_two_region_memory
    startup.o(RESET) refers (Special) to heapauxi.o(.text) for __use_two_region_memory
    startup.o(RESET) refers to startup.o(STACK) for StackMem
    startup.o(RESET) refers to timer.o(i.Timer0A_Handler) for Timer0A_Handler
    startup.o(RESET) refers to sound.o(i.Timer1A_Handler) for Timer1A_Handler
    startup.o(RESET) refers to systick.o(i.Timer2A_Handler) for Timer2A_Handler
    startup.o(RESET) refers to adctestmain.o(i.Timer3A_Handler) for Timer3A_Handler
    startup.o(RESET) refers to __main.o(!!!main) for __main
    startup.o(.text) refers (Special) to heapauxi.o(.text) for __use_two_region_memory
    startup.o(.text) refers to startup.o(HEAP) for HeapMem
    startup.o(.text) refers to startup.o(STACK) for StackMem
    adctestmain.o(i.Timer3A_Handler) refers to adcswtrigger.o(i.ADC0_InSeq3) for ADC0_InSeq3
    adctestmain.o(i.Timer3A_Handler) refers to adctestmain.o(.data) for k
    st7735.o(i.Output_Clear) refers to st7735.o(i.ST7735_FillScreen) for ST7735_FillScreen
    st7735.o(i.Output_Color) refers to st7735.o(i.ST7735_SetTextColor) for ST7735_SetTextColor
    st7735.o(i.Output_Init) refers to st7735.o(i.ST7735_InitR) for ST7735_InitR
    st7735.o(i.Output_Init) refers to st7735.o(i.ST7735_FillScreen) for ST7735_FillScreen
    st7735.o(i.Output_Off) refers to st7735.o(i.Output_Clear) for Output_Clear
    st7735.o(i.Output_On) refers to st7735.o(i.Output_Init) for Output_Init
    st7735.o(i.ST7735_DrawBitmap) refers to st7735.o(i.setAddrWindow) for setAddrWindow
    st7735.o(i.ST7735_DrawBitmap) refers to st7735.o(i.writedata) for writedata
    st7735.o(i.ST7735_DrawBitmap) refers to st7735.o(.data) for _width
    st7735.o(i.ST7735_DrawChar) refers to st7735.o(i.setAddrWindow) for setAddrWindow
    st7735.o(i.ST7735_DrawChar) refers to st7735.o(i.pushColor) for pushColor
    st7735.o(i.ST7735_DrawChar) refers to st7735.o(.data) for _width
    st7735.o(i.ST7735_DrawChar) refers to st7735.o(.constdata) for Font
    st7735.o(i.ST7735_DrawCharS) refers to st7735.o(i.ST7735_DrawPixel) for ST7735_DrawPixel
    st7735.o(i.ST7735_DrawCharS) refers to st7735.o(i.ST7735_FillRect) for ST7735_FillRect
    st7735.o(i.ST7735_DrawCharS) refers to st7735.o(.data) for _width
    st7735.o(i.ST7735_DrawCharS) refers to st7735.o(.constdata) for Font
    st7735.o(i.ST7735_DrawFastHLine) refers to st7735.o(i.setAddrWindow) for setAddrWindow
    st7735.o(i.ST7735_DrawFastHLine) refers to st7735.o(i.writedata) for writedata
    st7735.o(i.ST7735_DrawFastHLine) refers to st7735.o(.data) for _width
    st7735.o(i.ST7735_DrawFastVLine) refers to st7735.o(i.setAddrWindow) for setAddrWindow
    st7735.o(i.ST7735_DrawFastVLine) refers to st7735.o(i.writedata) for writedata
    st7735.o(i.ST7735_DrawFastVLine) refers to st7735.o(.data) for _width
    st7735.o(i.ST7735_DrawPixel) refers to st7735.o(i.setAddrWindow) for setAddrWindow
    st7735.o(i.ST7735_DrawPixel) refers to st7735.o(i.pushColor) for pushColor
    st7735.o(i.ST7735_DrawPixel) refers to st7735.o(.data) for _width
    st7735.o(i.ST7735_DrawString) refers to st7735.o(i.ST7735_DrawCharS) for ST7735_DrawCharS
    st7735.o(i.ST7735_FillRect) refers to st7735.o(i.setAddrWindow) for setAddrWindow
    st7735.o(i.ST7735_FillRect) refers to st7735.o(i.writedata) for writedata
    st7735.o(i.ST7735_FillRect) refers to st7735.o(.data) for _width
    st7735.o(i.ST7735_FillScreen) refers to st7735.o(i.ST7735_FillRect) for ST7735_FillRect
    st7735.o(i.ST7735_FillScreen) refers to st7735.o(.data) for _height
    st7735.o(i.ST7735_InitB) refers to st7735.o(i.commonInit) for commonInit
    st7735.o(i.ST7735_InitB) refers to st7735.o(i.ST7735_SetCursor) for ST7735_SetCursor
    st7735.o(i.ST7735_InitB) refers to st7735.o(i.ST7735_FillScreen) for ST7735_FillScreen
    st7735.o(i.ST7735_InitB) refers to st7735.o(.constdata) for Bcmd
    st7735.o(i.ST7735_InitB) refers to st7735.o(.data) for StTextColor
    st7735.o(i.ST7735_InitR) refers to st7735.o(i.commonInit) for commonInit
    st7735.o(i.ST7735_InitR) refers to st7735.o(i.commandList) for commandList
    st7735.o(i.ST7735_InitR) refers to st7735.o(i.writecommand) for writecommand
    st7735.o(i.ST7735_InitR) refers to st7735.o(i.writedata) for writedata
    st7735.o(i.ST7735_InitR) refers to st7735.o(i.ST7735_SetCursor) for ST7735_SetCursor
    st7735.o(i.ST7735_InitR) refers to st7735.o(i.ST7735_FillScreen) for ST7735_FillScreen
    st7735.o(i.ST7735_InitR) refers to st7735.o(.constdata) for Rcmd1
    st7735.o(i.ST7735_InitR) refers to st7735.o(.data) for ColStart
    st7735.o(i.ST7735_InvertDisplay) refers to st7735.o(i.writecommand) for writecommand
[...]
    rt_errno_addr_intlibspace.o(.text) refers to libspace.o(.bss) for __libspace_start
    term_alloc.o(.text) refers (Special) to libshutdown2.o(.ARM.Collect$$libshutdown$$0000000D) for __rt_lib_shutdown_heap_2
    term_alloc.o(.text) refers to rt_heap_descriptor_intlibspace.o(.text) for __rt_heap_descriptor
    term_alloc.o(.text) refers to h1_final.o(.text) for __Heap_Finalize
    defsig_rtmem_inner.o(.text) refers to defsig_general.o(.text) for __default_signal_display
    defsig.o(CL$$defsig) refers to defsig_rtred_inner.o(.text) for __rt_SIGRTRED_inner
    defsig.o(CL$$defsig) refers to defsig_rtmem_inner.o(.text) for __rt_SIGRTMEM_inner
    libshutdown.o(.ARM.Collect$$libshutdown$$00000000) refers (Special) to libshutdown2.o(.ARM.Collect$$libshutdown$$00000006) for __rt_lib_shutdown_fp_trap_1
    libshutdown.o(.ARM.Collect$$libshutdown$$00000000) refers (Special) to libshutdown2.o(.ARM.Collect$$libshutdown$$0000000E) for __rt_lib_shutdown_heap_1
    libshutdown.o(.ARM.Collect$$libshutdown$$00000000) refers (Special) to libshutdown2.o(.ARM.Collect$$libshutdown$$0000000F) for __rt_lib_shutdown_return
    libshutdown.o(.ARM.Collect$$libshutdown$$00000000) refers (Special) to libshutdown2.o(.ARM.Collect$$libshutdown$$00000009) for __rt_lib_shutdown_signal_1
    libshutdown.o(.ARM.Collect$$libshutdown$$00000000) refers (Special) to libshutdown2.o(.ARM.Collect$$libshutdown$$00000003) for __rt_lib_shutdown_stdio_1
    libshutdown.o(.ARM.Collect$$libshutdown$$00000000) refers (Special) to libshutdown2.o(.ARM.Collect$$libshutdown$$0000000B) for __rt_lib_shutdown_user_alloc_1
    defsig_abrt_inner.o(.text) refers to defsig_general.o(.text) for __default_signal_display
    defsig_fpe_inner.o(.text) refers to defsig_general.o(.text) for __default_signal_display
    defsig_stak_inner.o(.text) refers to defsig_general.o(.text) for __default_signal_display
    defsig_pvfn_inner.o(.text) refers to defsig_general.o(.text) for __default_signal_display
    defsig_cppl_inner.o(.text) refers to defsig_general.o(.text) for __default_signal_display
    defsig_segv_inner.o(.text) refers to defsig_general.o(.text) for __default_signal_display
    defsig_other.o(.text) refers to defsig_general.o(.text) for __default_signal_display


==============================================================================

Removing Unused input sections from the image.

    Removing adcswtrigger.o(i.ADC0_InitAllTriggerSeq3), (992 bytes).
    Removing adcswtrigger.o(i.ADC0_InitSWTriggerSeq3), (1008 bytes).
    Removing adcswtrigger.o(i.ADC0_InitSWTriggerSeq3_Ch9), (240 bytes).
    Removing adctestmain.o(i.Timer0A_Init100HzInt), (124 bytes).
    Removing adctestmain.o(i.Timer3_Init), (100 bytes).
    Removing adctestmain.o(.bss), (8404 bytes).
    Removing st7735.o(i.Output_Clear), (10 bytes).
    Removing st7735.o(i.Output_Color), (12 bytes).
    Removing st7735.o(i.Output_Init), (16 bytes).
    Removing st7735.o(i.Output_Off), (8 bytes).
    Removing st7735.o(i.Output_On), (8 bytes).
    Removing st7735.o(i.ST7735_DrawBitmap), (288 bytes).
    Removing st7735.o(i.ST7735_DrawChar), (268 bytes).
    Removing st7735.o(i.ST7735_DrawFastHLine), (124 bytes).
    Removing st7735.o(i.ST7735_DrawFastVLine), (124 bytes).
    Removing st7735.o(i.ST7735_InitB), (40 bytes).
    Removing st7735.o(i.ST7735_InvertDisplay), (22 bytes).
    Removing st7735.o(i.ST7735_OutString), (24 bytes).
    Removing st7735.o(i.ST7735_OutUDec), (140 bytes).
    Removing st7735.o(i.ST7735_PlotBar), (88 bytes).
    Removing st7735.o(i.ST7735_PlotLine), (264 bytes).
    Removing st7735.o(i.ST7735_PlotNext), (32 bytes).
    Removing st7735.o(i.ST7735_PlotNextErase), (64 bytes).
    Removing st7735.o(i.ST7735_PlotPoint), (152 bytes).
    Removing st7735.o(i.ST7735_PlotPoints), (172 bytes).
    Removing st7735.o(i.ST7735_PlotdBfs), (60 bytes).
    Removing st7735.o(i.ST7735_SetRotation), (212 bytes).
    Removing st7735.o(i.ST7735_SetTextColor), (12 bytes).
    Removing st7735.o(i.ST7735_SwapColor), (18 bytes).
    Removing st7735.o(i.fgetc), (6 bytes).
    Removing st7735.o(i.fillmessage), (72 bytes).
    Removing st7735.o(.bss), (12 bytes).
    Removing alarm_main.o(.constdata), (6 bytes).
    Removing display.o(i.drawInfo), (200 bytes).
    Removing sound.o(i.DAC_Init), (108 bytes).
    Removing systick.o(i.Timer2_Init), (108 bytes).

36 unused section(s) (total 13538 bytes) removed from the image.

==============================================================================

Image Symbol Table

    Local Symbols

    Symbol Name                              Value     Ov Type        Size  Object(Section)

    RESET                                    0x00000000   Section      644  startup.o(RESET)
    ../clib/angel/boardlib.s                 0x00000000   Number         0  boardinit1.o ABSOLUTE
    ../clib/angel/boardlib.s                 0x00000000   Number         0  boardinit2.o ABSOLUTE
    ../clib/angel/boardlib.s                 0x00000000   Number         0  boardinit3.o ABSOLUTE
    ../clib/angel/boardlib.s                 0x00000000   Number         0  boardshut.o ABSOLUTE
    ../clib/angel/handlers.s                 0x00000000   Number         0  __scatter_zi.o ABSOLUTE
    ../clib/angel/handlers.s                 0x00000000   Number         0  __scatter_copy.o ABSOLUTE
    ../clib/angel/kernel.s                   0x00000000   Number         0  rtentry4.o ABSOLUTE
    ../clib/angel/kernel.s                   0x00000000   Number         0  rtentry2.o ABSOLUTE
    ../clib/angel/kernel.s                   0x00000000   Number         0  rtentry.o ABSOLUTE
    ../clib/angel/kernel.s                   0x00000000   Number         0  rtexit2.o ABSOLUTE
    ../clib/angel/kernel.s                   0x00000000   Number         0  rtexit.o ABSOLUTE
    ../clib/angel/rt.s                       0x00000000   Number         0  rt_heap_descriptor_intlibspace.o ABSOLUTE
    ../clib/angel/rt.s                       0x00000000   Number         0  rt_errno_addr.o ABSOLUTE
    ../clib/angel/rt.s                       0x00000000   Number         0  rt_errno_addr_intlibspace.o ABSOLUTE
    ../clib/angel/rt.s                       0x00000000   Number         0  rt_raise.o ABSOLUTE
    ../clib/angel/rt.s                       0x00000000   Number         0  rt_heap_descriptor.o ABSOLUTE
    ../clib/angel/scatter.s                  0x00000000   Number         0  __scatter.o ABSOLUTE
    ../clib/angel/startup.s                  0x00000000   Number         0  __main.o ABSOLUTE
    ../clib/angel/sys.s                      0x00000000   Number         0  mutex_dummy.o ABSOLUTE
    ../clib/angel/sys.s                      0x00000000   Number         0  indicate_semi.o ABSOLUTE
    ../clib/angel/sys.s                      0x00000000   Number         0  sys_stackheap_outer.o ABSOLUTE
    ../clib/angel/sys.s                      0x00000000   Number         0  libspace.o ABSOLUTE
    ../clib/angel/sys.s                      0x00000000   Number         0  use_no_semi.o ABSOLUTE
    ../clib/angel/sysapp.c                   0x00000000   Number         0  sys_io.o ABSOLUTE
    ../clib/angel/sysapp.c                   0x00000000   Number         0  sys_exit.o ABSOLUTE
    ../clib/angel/sysapp.c                   0x00000000   Number         0  sys_wrch.o ABSOLUTE
    ../clib/angel/sysapp.c                   0x00000000   Number         0  sys_command.o ABSOLUTE
    ../clib/armsys.c                         0x00000000   Number         0  no_argv.o ABSOLUTE
    ../clib/armsys.c                         0x00000000   Number         0  _get_argv_nomalloc.o ABSOLUTE
    ../clib/armsys.c                         0x00000000   Number         0  argv_veneer.o ABSOLUTE
    ../clib/armsys.c                         0x00000000   Number         0  argv_veneer.o ABSOLUTE
    ../clib/armsys.c                         0x00000000   Number         0  _get_argv.o ABSOLUTE
    ../clib/heap1.c                          0x00000000   Number         0  h1_free_mt.o ABSOLUTE
    ../clib/heap1.c                          0x00000000   Number         0  h1_final_mt.o ABSOLUTE
    ../clib/heap1.c                          0x00000000   Number         0  h1_final.o ABSOLUTE
    ../clib/heap1.c                          0x00000000   Number         0  h1_free.o ABSOLUTE
    ../clib/heap1.c                          0x00000000   Number         0  h1_alloc.o ABSOLUTE
    ../clib/heap1.c                          0x00000000   Number         0  h1_alloc_mt.o ABSOLUTE
    ../clib/heap1.c                          0x00000000   Number         0  h1_extend_mt.o ABSOLUTE
    ../clib/heap1.c                          0x00000000   Number         0  h1_extend.o ABSOLUTE
    ../clib/heap1.c                          0x00000000   Number         0  h1_init.o ABSOLUTE
    ../clib/heap1.c                          0x00000000   Number         0  h1_init_mt.o ABSOLUTE
    ../clib/heap2.c                          0x00000000   Number         0  heap2mt.o ABSOLUTE
    ../clib/heap2.c                          0x00000000   Number         0  heap2.o ABSOLUTE
    ../clib/heap2.c                          0x00000000   Number         0  fdtree.o ABSOLUTE
    ../clib/heapalloc.c                      0x00000000   Number         0  free.o ABSOLUTE
    ../clib/heapalloc.c                      0x00000000   Number         0  malloc.o ABSOLUTE
    ../clib/heapalloc.c                      0x00000000   Number         0  hguard.o ABSOLUTE
    ../clib/heapalloc.c                      0x00000000   Number         0  heapstubs.o ABSOLUTE
    ../clib/heapalloc.c                      0x00000000   Number         0  term_alloc.o ABSOLUTE
    ../clib/heapalloc.c                      0x00000000   Number         0  hrguard.o ABSOLUTE
    ../clib/heapalloc.c                      0x00000000   Number         0  maybetermalloc1.o ABSOLUTE
    ../clib/heapalloc.c                      0x00000000   Number         0  maybetermalloc2.o ABSOLUTE
    ../clib/heapalloc.c                      0x00000000   Number         0  init_alloc.o ABSOLUTE
    ../clib/heapalloc.c                      0x00000000   Number         0  maybetermalloc2.o ABSOLUTE
    ../clib/heapalloc.c                      0x00000000   Number         0  maybetermalloc1.o ABSOLUTE
    ../clib/heapaux.c                        0x00000000   Number         0  heapauxa.o ABSOLUTE
    ../clib/heapaux.c                        0x00000000   Number         0  heapauxi.o ABSOLUTE
    ../clib/libinit.s                        0x00000000   Number         0  libinit.o ABSOLUTE
    ../clib/libinit.s                        0x00000000   Number         0  libinit2.o ABSOLUTE
    ../clib/libinit.s                        0x00000000   Number         0  libshutdown2.o ABSOLUTE
    ../clib/libinit.s                        0x00000000   Number         0  libshutdown.o ABSOLUTE
    ../clib/memcpset.s                       0x00000000   Number         0  rt_memclr_w.o ABSOLUTE
    ../clib/memcpset.s                       0x00000000   Number         0  rt_memcpy_w.o ABSOLUTE
    ../clib/printf.c                         0x00000000   Number         0  __printf_nopercent.o ABSOLUTE
    ../clib/printf.c                         0x00000000   Number         0  __2printf.o ABSOLUTE
    ../clib/printf.c                         0x00000000   Number         0  noretval__2printf.o ABSOLUTE
    ../clib/printf.c                         0x00000000   Number         0  __printf.o ABSOLUTE
    ../clib/printf.c                         0x00000000   Number         0  _printf_dec.o ABSOLUTE
    ../clib/printf.c                         0x00000000   Number         0  __printf_flags.o ABSOLUTE
    ../clib/printf.c                         0x00000000   Number         0  __printf_ss.o ABSOLUTE
    ../clib/printf.c                         0x00000000   Number         0  __printf_flags_ss.o ABSOLUTE
    ../clib/printf.c                         0x00000000   Number         0  __printf_wp.o ABSOLUTE
    ../clib/printf.c                         0x00000000   Number         0  __printf_flags_wp.o ABSOLUTE
    ../clib/printf.c                         0x00000000   Number         0  __printf_ss_wp.o ABSOLUTE
    ../clib/printf.c                         0x00000000   Number         0  __printf_flags_ss_wp.o ABSOLUTE
    ../clib/printf.c                         0x00000000   Number         0  _printf_intcommon.o ABSOLUTE
    ../clib/printf.c                         0x00000000   Number         0  _printf_char_file.o ABSOLUTE
    ../clib/printf.c                         0x00000000   Number         0  _printf_char_common.o ABSOLUTE
    ../clib/printf_percent.s                 0x00000000   Number         0  _printf_percent_end.o ABSOLUTE
    ../clib/printf_percent.s                 0x00000000   Number         0  _printf_d.o ABSOLUTE
    ../clib/printf_percent.s                 0x00000000   Number         0  _printf_percent.o ABSOLUTE
    ../clib/signal.c                         0x00000000   Number         0  __raise.o ABSOLUTE
    ../clib/signal.c                         0x00000000   Number         0  defsig_rtmem_formal.o ABSOLUTE
    ../clib/signal.c                         0x00000000   Number         0  defsig_general.o ABSOLUTE
    ../clib/signal.c                         0x00000000   Number         0  defsig_cppl_inner.o ABSOLUTE
    ../clib/signal.c                         0x00000000   Number         0  defsig_rtmem_outer.o ABSOLUTE
    ../clib/signal.c                         0x00000000   Number         0  defsig_pvfn_inner.o ABSOLUTE
    ../clib/signal.c                         0x00000000   Number         0  defsig_rtmem_inner.o ABSOLUTE
    ../clib/signal.c                         0x00000000   Number         0  defsig_fpe_inner.o ABSOLUTE
    ../clib/signal.c                         0x00000000   Number         0  defsig_rtred_outer.o ABSOLUTE
    ../clib/signal.c                         0x00000000   Number         0  defsig_rtred_formal.o ABSOLUTE
    ../clib/signal.c                         0x00000000   Number         0  defsig_abrt_inner.o ABSOLUTE
    ../clib/signal.c                         0x00000000   Number         0  defsig_rtred_inner.o ABSOLUTE
    ../clib/signal.c                         0x00000000   Number         0  defsig_exit.o ABSOLUTE
    ../clib/signal.c                         0x00000000   Number         0  defsig_stak_inner.o ABSOLUTE
    ../clib/signal.c                         0x00000000   Number         0  defsig_other.o ABSOLUTE
    ../clib/signal.c                         0x00000000   Number         0  defsig_segv_inner.o ABSOLUTE
    ../clib/signal.s                         0x00000000   Number         0  defsig.o ABSOLUTE
    ../clib/stdio.c                          0x00000000   Number         0  setvbuf_locked.o ABSOLUTE
    ../clib/stdio.c                          0x00000000   Number         0  fopen_locked.o ABSOLUTE
    ../clib/stdio.c                          0x00000000   Number         0  initio_locked.o ABSOLUTE
    ../clib/stdio.c                          0x00000000   Number         0  ftell.o ABSOLUTE
    ../clib/stdio.c                          0x00000000   Number         0  initio.o ABSOLUTE
    ../clib/stdio.c                          0x00000000   Number         0  stdio.o ABSOLUTE
    ../clib/stdio.c                          0x00000000   Number         0  stdio_streams.o ABSOLUTE
    ../clib/stdio.c                          0x00000000   Number         0  fseek.o ABSOLUTE
    ../clib/stdio.c                          0x00000000   Number         0  setvbuf.o ABSOLUTE
    ../clib/stdio.c                          0x00000000   Number         0  streamlock.o ABSOLUTE
    ../clib/stdio.c                          0x00000000   Number         0  fopen.o ABSOLUTE
    ../clib/stdio.c                          0x00000000   Number         0  fclose.o ABSOLUTE
    ../clib/stdlib.c                         0x00000000   Number         0  exit.o ABSOLUTE
    ../clib/string.c                         0x00000000   Number         0  strlen.o ABSOLUTE
    ../fplib/fpinit.s                        0x00000000   Number         0  fpinit.o ABSOLUTE
    ADCSWTrigger.c                           0x00000000   Number         0  adcswtrigger.o ABSOLUTE
    ADCTestMain.c                            0x00000000   Number         0  adctestmain.o ABSOLUTE
    Alarm_main.c                             0x00000000   Number         0  alarm_main.o ABSOLUTE
    Display.c                                0x00000000   Number         0  display.o ABSOLUTE
    PLL.c                                    0x00000000   Number         0  pll.o ABSOLUTE
    ST7735.c                                 0x00000000   Number         0  st7735.o ABSOLUTE
    Sound.c                                  0x00000000   Number         0  sound.o ABSOLUTE
    Switch.c                                 0x00000000   Number         0  switch.o ABSOLUTE
    Systick.c                                0x00000000   Number         0  systick.o ABSOLUTE
    Timer.c                                  0x00000000   Number         0  timer.o ABSOLUTE
    dc.s                                     0x00000000   Number         0  dc.o ABSOLUTE
    startup.s                                0x00000000   Number         0  startup.o ABSOLUTE
    !!!main                                  0x00000284   Section        8  __main.o(!!!main)
    !!!scatter                               0x0000028c   Section       52  __scatter.o(!!!scatter)
    !!handler_copy                           0x000002c0   Section       26  __scatter_copy.o(!!handler_copy)
    !!handler_zi                             0x000002dc   Section       28  __scatter_zi.o(!!handler_zi)
    .ARM.Collect$$_printf_percent$$00000000  0x000002f8   Section        0  _printf_percent.o(.ARM.Collect$$_printf_percent$$00000000)
    .ARM.Collect$$_printf_percent$$00000009  0x000002f8   Section        6  _printf_d.o(.ARM.Collect$$_printf_percent$$00000009)
    .ARM.Collect$$_printf_percent$$00000017  0x000002fe   Section        4  _printf_percent_end.o(.ARM.Collect$$_printf_percent$$00000017)
    .ARM.Collect$$libinit$$00000000          0x00000302   Section        2  libinit.o(.ARM.Collect$$libinit$$00000000)
    .ARM.Collect$$libinit$$00000002          0x00000304   Section        0  libinit2.o(.ARM.Collect$$libinit$$00000002)
    .ARM.Collect$$libinit$$00000003          0x00000304   Section        8  libinit2.o(.ARM.Collect$$libinit$$00000003)
    .ARM.Collect$$libinit$$00000008          0x0000030c   Section        0  libinit2.o(.ARM.Collect$$libinit$$00000008)
    .ARM.Collect$$libinit$$0000000A          0x0000030c   Section        0  libinit2.o(.ARM.Collect$$libinit$$0000000A)
    .ARM.Collect$$libinit$$0000000C          0x0000030c   Section        0  libinit2.o(.ARM.Collect$$libinit$$0000000C)
    .ARM.Collect$$libinit$$0000000F          0x0000030c   Section        0  libinit2.o(.ARM.Collect$$libinit$$0000000F)
    .ARM.Collect$$libinit$$00000011          0x0000030c   Section        0  libinit2.o(.ARM.Collect$$libinit$$00000011)
    .ARM.Collect$$libinit$$00000013          0x0000030c   Section        0  libinit2.o(.ARM.Collect$$libinit$$00000013)
    .ARM.Collect$$libinit$$00000015          0x0000030c   Section        0  libinit2.o(.ARM.Collect$$libinit$$00000015)
    .ARM.Collect$$libinit$$00000017          0x0000030c   Section        0  libinit2.o(.ARM.Collect$$libinit$$00000017)
    .ARM.Collect$$libinit$$00000019          0x0000030c   Section        0  libinit2.o(.ARM.Collect$$libinit$$00000019)
    .ARM.Collect$$libinit$$0000001B          0x0000030c   Section        0  libinit2.o(.ARM.Collect$$libinit$$0000001B)
    .ARM.Collect$$libinit$$0000001D          0x0000030c   Section        0  libinit2.o(.ARM.Collect$$libinit$$0000001D)
    .ARM.Collect$$libinit$$0000001F          0x0000030c   Section        0  libinit2.o(.ARM.Collect$$libinit$$0000001F)
    .ARM.Collect$$libinit$$00000021          0x0000030c   Section        0  libinit2.o(.ARM.Collect$$libinit$$00000021)
    .ARM.Collect$$libinit$$00000022          0x0000030c   Section        4  libinit2.o(.ARM.Collect$$libinit$$00000022)
    .ARM.Collect$$libinit$$00000023          0x00000310   Section        0  libinit2.o(.ARM.Collect$$libinit$$00000023)
    .ARM.Collect$$libinit$$0000002A          0x00000310   Section        0  libinit2.o(.ARM.Collect$$libinit$$0000002A)
    .ARM.Collect$$libinit$$0000002C          0x00000310   Section        0  libinit2.o(.ARM.Collect$$libinit$$0000002C)
    .ARM.Collect$$libinit$$0000002E          0x00000310   Section        0  libinit2.o(.ARM.Collect$$libinit$$0000002E)
    .ARM.Collect$$libinit$$00000030          0x00000310   Section        0  libinit2.o(.ARM.Collect$$libinit$$00000030)
    .ARM.Collect$$libinit$$00000031          0x00000310   Section        2  libinit2.o(.ARM.Collect$$libinit$$00000031)
    .ARM.Collect$$libshutdown$$00000000      0x00000312   Section        2  libshutdown.o(.ARM.Collect$$libshutdown$$00000000)
    .ARM.Collect$$libshutdown$$00000002      0x00000314   Section        4  libshutdown2.o(.ARM.Collect$$libshutdown$$00000002)
    .ARM.Collect$$libshutdown$$00000003      0x00000318   Section        0  libshutdown2.o(.ARM.Collect$$libshutdown$$00000003)
    .ARM.Collect$$libshutdown$$00000006      0x00000318   Section        0  libshutdown2.o(.ARM.Collect$$libshutdown$$00000006)
    .ARM.Collect$$libshutdown$$00000009      0x00000318   Section        0  libshutdown2.o(.ARM.Collect$$libshutdown$$00000009)
    .ARM.Collect$$libshutdown$$0000000B      0x00000318   Section        0  libshutdown2.o(.ARM.Collect$$libshutdown$$0000000B)
    .ARM.Collect$$libshutdown$$0000000E      0x00000318   Section        0  libshutdown2.o(.ARM.Collect$$libshutdown$$0000000E)
    .ARM.Collect$$libshutdown$$0000000F      0x00000318   Section        2  libshutdown2.o(.ARM.Collect$$libshutdown$$0000000F)
    .ARM.Collect$$rtentry$$00000000          0x0000031a   Section        0  rtentry.o(.ARM.Collect$$rtentry$$00000000)
    .ARM.Collect$$rtentry$$00000002          0x0000031a   Section        0  rtentry2.o(.ARM.Collect$$rtentry$$00000002)
    .ARM.Collect$$rtentry$$00000004          0x0000031a   Section        6  rtentry4.o(.ARM.Collect$$rtentry$$00000004)
    .ARM.Collect$$rtentry$$00000009          0x00000320   Section        0  rtentry2.o(.ARM.Collect$$rtentry$$00000009)
    .ARM.Collect$$rtentry$$0000000A          0x00000320   Section        4  rtentry2.o(.ARM.Collect$$rtentry$$0000000A)
    .ARM.Collect$$rtentry$$0000000C          0x00000324   Section        0  rtentry2.o(.ARM.Collect$$rtentry$$0000000C)
    .ARM.Collect$$rtentry$$0000000D          0x00000324   Section        8  rtentry2.o(.ARM.Collect$$rtentry$$0000000D)
    .ARM.Collect$$rtexit$$00000000           0x0000032c   Section        2  rtexit.o(.ARM.Collect$$rtexit$$00000000)
    .ARM.Collect$$rtexit$$00000002           0x0000032e   Section        0  rtexit2.o(.ARM.Collect$$rtexit$$00000002)
    .ARM.Collect$$rtexit$$00000003           0x0000032e   Section        4  rtexit2.o(.ARM.Collect$$rtexit$$00000003)
    .ARM.Collect$$rtexit$$00000004           0x00000332   Section        6  rtexit2.o(.ARM.Collect$$rtexit$$00000004)
    .emb_text                                0x00000338   Section        0  maybetermalloc1.o(.emb_text)
    .text                                    0x00000338   Section       48  startup.o(.text)
    .text                                    0x00000368   Section        0  noretval__2printf.o(.text)
    .text                                    0x00000380   Section        0  __printf.o(.text)
    .text                                    0x000003e8   Section        0  _printf_dec.o(.text)
    .text                                    0x00000460   Section        0  heapauxi.o(.text)
    .text                                    0x00000466   Section        0  _printf_intcommon.o(.text)
    .text                                    0x00000520   Section        0  _printf_char_file.o(.text)
    .text                                    0x00000544   Section        0  _printf_char_common.o(.text)
    _printf_input_char                       0x00000545   Thumb Code    10  _printf_char_common.o(.text)
    .text                                    0x00000574   Section        0  initio.o(.text)
    .text                                    0x000006ac   Section        0  sys_io.o(.text)
    .text                                    0x00000712   Section       74  sys_stackheap_outer.o(.text)
    .text                                    0x0000075c   Section        0  h1_free.o(.text)
    .text                                    0x000007aa   Section        0  setvbuf.o(.text)
    .text                                    0x000007f0   Section        0  fopen.o(.text)
    _freopen_locked                          0x000007f1   Thumb Code     0  fopen.o(.text)
    .text                                    0x000008dc   Section        0  fclose.o(.text)
    .text                                    0x00000928   Section        0  exit.o(.text)
    .text                                    0x00000934   Section        0  defsig_rtred_outer.o(.text)
    .text                                    0x00000942   Section       78  rt_memclr_w.o(.text)
    .text                                    0x00000990   Section        8  libspace.o(.text)
    .text                                    0x00000998   Section        2  use_no_semi.o(.text)
    .text                                    0x0000099a   Section        0  indicate_semi.o(.text)
    .text                                    0x0000099c   Section        8  rt_heap_descriptor_intlibspace.o(.text)
    .text                                    0x000009a4   Section        0  hguard.o(.text)
    .text                                    0x000009a8   Section        0  init_alloc.o(.text)
    .text                                    0x00000a32   Section        0  h1_alloc.o(.text)
    .text                                    0x00000a90   Section        0  fseek.o(.text)
    .text                                    0x00000b88   Section        0  stdio.o(.text)
    .text                                    0x00000c78   Section        0  defsig_exit.o(.text)
    .text                                    0x00000c84   Section        0  defsig_rtred_inner.o(.text)
    .text                                    0x00000cb8   Section        0  strlen.o(.text)
    .text                                    0x00000cf8   Section        0  sys_exit.o(.text)
    .text                                    0x00000d04   Section        0  h1_init.o(.text)
    .text                                    0x00000d12   Section        0  h1_extend.o(.text)
    .text                                    0x00000d46   Section        0  ftell.o(.text)
    .text                                    0x00000d8c   Section        0  defsig_general.o(.text)
    .text                                    0x00000dbe   Section        0  defsig_rtmem_outer.o(.text)
    .text                                    0x00000dcc   Section        0  sys_wrch.o(.text)
    .text                                    0x00000ddc   Section        8  rt_errno_addr_intlibspace.o(.text)
    .text                                    0x00000de4   Section        0  defsig_rtmem_inner.o(.text)
    i.ADC0_InSeq3                            0x00000e34   Section        0  adcswtrigger.o(i.ADC0_InSeq3)
    i.DAC_Out                                0x00000e60   Section        0  sound.o(i.DAC_Out)
    i.Delay1ms                               0x00000e8c   Section        0  st7735.o(i.Delay1ms)
    i.PLL_Init                               0x00000eac   Section        0  pll.o(i.PLL_Init)
    i.ST7735_Circle                          0x00000f28   Section        0  display.o(i.ST7735_Circle)
    i.ST7735_Color565                        0x00000f58   Section        0  st7735.o(i.ST7735_Color565)
    i.ST7735_DrawCharS                       0x00000f70   Section        0  st7735.o(i.ST7735_DrawCharS)
    i.ST7735_DrawPixel                       0x00001064   Section        0  st7735.o(i.ST7735_DrawPixel)
    i.ST7735_DrawString                      0x000010ac   Section        0  st7735.o(i.ST7735_DrawString)
    i.ST7735_FillRect                        0x00001104   Section        0  st7735.o(i.ST7735_FillRect)
    i.ST7735_FillScreen                      0x000011b0   Section        0  st7735.o(i.ST7735_FillScreen)
    i.ST7735_InitR                           0x000011d4   Section        0  st7735.o(i.ST7735_InitR)
    i.ST7735_Line                            0x00001250   Section        0  display.o(i.ST7735_Line)
    i.ST7735_OutChar                         0x00001328   Section        0  st7735.o(i.ST7735_OutChar)
    i.ST7735_PlotClear                       0x000013fc   Section        0  st7735.o(i.ST7735_PlotClear)
    i.ST7735_SetCursor                       0x00001458   Section        0  st7735.o(i.ST7735_SetCursor)
    i.Switch_Init                            0x00001478   Section        0  switch.o(i.Switch_Init)
    i.Timer0A_Handler                        0x000014f4   Section        0  timer.o(i.Timer0A_Handler)
    i.Timer0A_Init60HzInt                    0x00001570   Section        0  timer.o(i.Timer0A_Init60HzInt)
    i.Timer1A_Handler                        0x000015ec   Section        0  sound.o(i.Timer1A_Handler)
    i.Timer1_Init                            0x0000162c   Section        0  sound.o(i.Timer1_Init)
    i.Timer2A_Handler                        0x0000168c   Section        0  systick.o(i.Timer2A_Handler)
    i.Timer3A_Handler                        0x0000175c   Section        0  adctestmain.o(i.Timer3A_Handler)
    i.commandList                            0x0000177c   Section        0  st7735.o(i.commandList)
    commandList                              0x0000177d   Thumb Code    86  st7735.o(i.commandList)
    i.commonInit                             0x000017d4   Section        0  st7735.o(i.commonInit)
    commonInit                               0x000017d5   Thumb Code   340  st7735.o(i.commonInit)
    i.drawClockHands                         0x00001958   Section        0  display.o(i.drawClockHands)
    i.drawDigTime                            0x000019d0   Section        0  display.o(i.drawDigTime)
    i.drawMode                               0x00001a44   Section        0  display.o(i.drawMode)
    i.ferror                                 0x00001ae4   Section        0  st7735.o(i.ferror)
    i.fputc                                  0x00001aec   Section        0  st7735.o(i.fputc)
    i.main                                   0x00001afc   Section        0  alarm_main.o(i.main)
    i.portF_Input                            0x00001cec   Section        0  switch.o(i.portF_Input)
    i.pushColor                              0x00001d20   Section        0  st7735.o(i.pushColor)
    pushColor                                0x00001d21   Thumb Code    18  st7735.o(i.pushColor)
    i.setAddrWindow                          0x00001d34   Section        0  st7735.o(i.setAddrWindow)
    setAddrWindow                            0x00001d35   Thumb Code   106  st7735.o(i.setAddrWindow)
    i.writecommand                           0x00001da8   Section        0  st7735.o(i.writecommand)
    writecommand                             0x00001da9   Thumb Code    40  st7735.o(i.writecommand)
    i.writedata                              0x00001dd8   Section        0  st7735.o(i.writedata)
    writedata                                0x00001dd9   Thumb Code    24  st7735.o(i.writedata)
    .constdata                               0x00001df8   Section     2018  st7735.o(.constdata)
    Font                                     0x00001df8   Data        1275  st7735.o(.constdata)
    Bcmd                                     0x000022f3   Data         103  st7735.o(.constdata)
    Rcmd1                                    0x0000235a   Data          59  st7735.o(.constdata)
    Rcmd2green                               0x00002395   Data          13  st7735.o(.constdata)
    Rcmd2red                                 0x000023a2   Data          13  st7735.o(.constdata)
    Rcmd3                                    0x000023af   Data          43  st7735.o(.constdata)
    .constdata                               0x000025dc   Section     1544  display.o(.constdata)
    .constdata                               0x00002be4   Section       64  sound.o(.constdata)
    .constdata                               0x00002c24   Section     3504  systick.o(.constdata)
    .constdata                               0x000039d4   Section        4  sys_io.o(.constdata)
    .constdata                               0x000039d8   Section        4  sys_io.o(.constdata)
    .constdata                               0x000039dc   Section        4  sys_io.o(.constdata)
    .data                                    0x20000000   Section       28  adctestmain.o(.data)
    .data                                    0x2000001c   Section       44  st7735.o(.data)
    _width                                   0x20000026   Data           2  st7735.o(.data)
    _height                                  0x20000028   Data           2  st7735.o(.data)
    ColStart                                 0x20000030   Data           1  st7735.o(.data)
    RowStart                                 0x20000031   Data           1  st7735.o(.data)
    Rotation                                 0x20000032   Data           1  st7735.o(.data)
    TabColor                                 0x20000033   Data           1  st7735.o(.data)
    .data                                    0x20000048   Section       32  alarm_main.o(.data)
    .data                                    0x20000068   Section        6  timer.o(.data)
    .data                                    0x20000070   Section        8  sound.o(.data)
    .data                                    0x20000078   Section       30  systick.o(.data)
    .data                                    0x20000098   Section        4  stdio_streams.o(.data)
    .data                                    0x2000009c   Section        4  stdio_streams.o(.data)
    .data                                    0x200000a0   Section        4  stdio_streams.o(.data)
    .bss                                     0x200000a4   Section       84  stdio_streams.o(.bss)
    .bss                                     0x200000f8   Section       84  stdio_streams.o(.bss)
    .bss                                     0x2000014c   Section       84  stdio_streams.o(.bss)
    .bss                                     0x200001a0   Section       96  libspace.o(.bss)
    HEAP                                     0x20000200   Section        0  startup.o(HEAP)
    STACK                                    0x20000200   Section     1024  startup.o(STACK)
    HeapMem                                  0x20000200   Data           0  startup.o(HEAP)
    StackMem                                 0x20000200   Data           0  startup.o(STACK)

    Global Symbols

    Symbol Name                              Value     Ov Type        Size  Object(Section)

    BuildAttributes$$THM_ISAv4$E$P$D$K$B$S$7EM$PE$A:L22UL41UL21$X:L11$S22US41US21$IEEE1$IW$USESV6$~STKCKD$USESV7$~SHL$OTIME$ROPI$EBA8$UX$STANDARDLIB$REQ8$PRES8$EABIv2 0x00000000   Number         0  anon$$obj.o ABSOLUTE
    __ARM_use_no_argv                        0x00000000   Number         0  alarm_main.o ABSOLUTE
    __Vectors                                0x00000000   Data           0  startup.o(RESET)
    __ARM_exceptions_init                     - Undefined Weak Reference
    __alloca_initialize                       - Undefined Weak Reference
    __cpp_initialize__aeabi_                  - Undefined Weak Reference
    __cxa_finalize                            - Undefined Weak Reference
    __rt_locale                               - Undefined Weak Reference
    __sigvec_lookup                           - Undefined Weak Reference
    __user_heap_extent                        - Undefined Weak Reference
    _atexit_init                              - Undefined Weak Reference
    _call_atexit_fns                          - Undefined Weak Reference
    _clock_init                               - Undefined Weak Reference
    _fp_trap_init                             - Undefined Weak Reference
    _fp_trap_shutdown                         - Undefined Weak Reference
    _get_lc_collate                           - Undefined Weak Reference
    _get_lc_ctype                             - Undefined Weak Reference
    _get_lc_monetary                          - Undefined Weak Reference
    _get_lc_numeric                           - Undefined Weak Reference
    _get_lc_time                              - Undefined Weak Reference
    _getenv_init                              - Undefined Weak Reference
    _handle_redirection                       - Undefined Weak Reference
    _mutex_acquire                            - Undefined Weak Reference
    _mutex_free                               - Undefined Weak Reference
    _mutex_release                            - Undefined Weak Reference
    _printf_post_padding                      - Undefined Weak Reference
    _printf_pre_padding                       - Undefined Weak Reference
    _printf_truncate_signed                   - Undefined Weak Reference
    _printf_truncate_unsigned                 - Undefined Weak Reference
    _rand_init                                - Undefined Weak Reference
    _signal_finish                            - Undefined Weak Reference
    _signal_init                              - Undefined Weak Reference
    Reset_Handler                            0x0000026d   Thumb Code     0  startup.o(RESET)
    NMI_Handler                              0x00000271   Thumb Code     2  startup.o(RESET)
    HardFault_Handler                        0x00000273   Thumb Code     2  startup.o(RESET)
    MemManage_Handler                        0x00000275   Thumb Code     2  startup.o(RESET)
    BusFault_Handler                         0x00000277   Thumb Code     2  startup.o(RESET)
    UsageFault_Handler                       0x00000279   Thumb Code     2  startup.o(RESET)
    SVC_Handler                              0x0000027b   Thumb Code     2  startup.o(RESET)
    DebugMon_Handler                         0x0000027d   Thumb Code     2  startup.o(RESET)
    PendSV_Handler                           0x0000027f   Thumb Code     2  startup.o(RESET)
    SysTick_Handler                          0x00000281   Thumb Code     2  startup.o(RESET)
    ADC0Seq0_Handler                         0x00000283   Thumb Code     0  startup.o(RESET)
    ADC0Seq1_Handler                         0x00000283   Thumb Code     0  startup.o(RESET)
    ADC0Seq2_Handler                         0x00000283   Thumb Code     0  startup.o(RESET)
    ADC0Seq3_Handler                         0x00000283   Thumb Code     0  startup.o(RESET)
    ADC1Seq0_Handler                         0x00000283   Thumb Code     0  startup.o(RESET)
    ADC1Seq1_Handler                         0x00000283   Thumb Code     0  startup.o(RESET)
    ADC1Seq2_Handler                         0x00000283   Thumb Code     0  startup.o(RESET)
    ADC1Seq3_Handler                         0x00000283   Thumb Code     0  startup.o(RESET)
    CAN0_Handler                             0x00000283   Thumb Code     0  startup.o(RESET)
    CAN1_Handler                             0x00000283   Thumb Code     0  startup.o(RESET)
    CAN2_Handler                             0x00000283   Thumb Code     0  startup.o(RESET)
    Comp0_Handler                            0x00000283   Thumb Code     0  startup.o(RESET)
    Comp1_Handler                            0x00000283   Thumb Code     0  startup.o(RESET)
    Comp2_Handler                            0x00000283   Thumb Code     0  startup.o(RESET)
    Ethernet_Handler                         0x00000283   Thumb Code     0  startup.o(RESET)
    ExtBus_Handler                           0x00000283   Thumb Code     0  startup.o(RESET)
    FPU_Handler                              0x00000283   Thumb Code     0  startup.o(RESET)
    Fan0_Handler                             0x00000283   Thumb Code     0  startup.o(RESET)
    FlashCtl_Handler                         0x00000283   Thumb Code     0  startup.o(RESET)
    GPIOPortA_Handler                        0x00000283   Thumb Code     0  startup.o(RESET)
    GPIOPortB_Handler                        0x00000283   Thumb Code     0  startup.o(RESET)
    GPIOPortC_Handler                        0x00000283   Thumb Code     0  startup.o(RESET)
    GPIOPortD_Handler                        0x00000283   Thumb Code     0  startup.o(RESET)
    GPIOPortE_Handler                        0x00000283   Thumb Code     0  startup.o(RESET)
    GPIOPortF_Handler                        0x00000283   Thumb Code     0  startup.o(RESET)
    GPIOPortG_Handler                        0x00000283   Thumb Code     0  startup.o(RESET)
    GPIOPortH_Handler                        0x00000283   Thumb Code     0  startup.o(RESET)
    GPIOPortJ_Handler                        0x00000283   Thumb Code     0  startup.o(RESET)
    GPIOPortK_Handler                        0x00000283   Thumb Code     0  startup.o(RESET)
    GPIOPortL_Handler                        0x00000283   Thumb Code     0  startup.o(RESET)
    GPIOPortM_Handler                        0x00000283   Thumb Code     0  startup.o(RESET)
    GPIOPortN_Handler                        0x00000283   Thumb Code     0  startup.o(RESET)
    GPIOPortP1_Handler                       0x00000283   Thumb Code     0  startup.o(RESET)
    GPIOPortP2_Handler                       0x00000283   Thumb Code     0  startup.o(RESET)
    GPIOPortP3_Handler                       0x00000283   Thumb Code     0  startup.o(RESET)
    GPIOPortP4_Handler                       0x00000283   Thumb Code     0  startup.o(RESET)
    GPIOPortP5_Handler                       0x00000283   Thumb Code     0  startup.o(RESET)
    GPIOPortP6_Handler                       0x00000283   Thumb Code     0  startup.o(RESET)
    GPIOPortP7_Handler                       0x00000283   Thumb Code     0  startup.o(RESET)
    GPIOPortP_Handler                        0x00000283   Thumb Code     0  startup.o(RESET)
    GPIOPortQ1_Handler                       0x00000283   Thumb Code     0  startup.o(RESET)
    GPIOPortQ2_Handler                       0x00000283   Thumb Code     0  startup.o(RESET)
    GPIOPortQ3_Handler                       0x00000283   Thumb Code     0  startup.o(RESET)
    GPIOPortQ4_Handler                       0x00000283   Thumb Code     0  startup.o(RESET)
    GPIOPortQ5_Handler                       0x00000283   Thumb Code     0  startup.o(RESET)
    GPIOPortQ6_Handler                       0x00000283   Thumb Code     0  startup.o(RESET)
    GPIOPortQ7_Handler                       0x00000283   Thumb Code     0  startup.o(RESET)
    GPIOPortQ_Handler                        0x00000283   Thumb Code     0  startup.o(RESET)
    GPIOPortR_Handler                        0x00000283   Thumb Code     0  startup.o(RESET)
    GPIOPortS_Handler                        0x00000283   Thumb Code     0  startup.o(RESET)
    Hibernate_Handler                        0x00000283   Thumb Code     0  startup.o(RESET)
    I2C0_Handler                             0x00000283   Thumb Code     0  startup.o(RESET)
    I2C1_Handler                             0x00000283   Thumb Code     0  startup.o(RESET)
    I2C2_Handler                             0x00000283   Thumb Code     0  startup.o(RESET)
    I2C3_Handler                             0x00000283   Thumb Code     0  startup.o(RESET)
    I2C4_Handler                             0x00000283   Thumb Code     0  startup.o(RESET)
    I2C5_Handler                             0x00000283   Thumb Code     0  startup.o(RESET)
    I2S0_Handler                             0x00000283   Thumb Code     0  startup.o(RESET)
    LPC0_Handler                             0x00000283   Thumb Code     0  startup.o(RESET)
    PECI0_Handler                            0x00000283   Thumb Code     0  startup.o(RESET)
    PWM0Fault_Handler                        0x00000283   Thumb Code     0  startup.o(RESET)
    PWM0Generator0_Handler                   0x00000283   Thumb Code     0  startup.o(RESET)
    PWM0Generator1_Handler                   0x00000283   Thumb Code     0  startup.o(RESET)
    PWM0Generator2_Handler                   0x00000283   Thumb Code     0  startup.o(RESET)
    PWM0Generator3_Handler                   0x00000283   Thumb Code     0  startup.o(RESET)
    PWM1Fault_Handler                        0x00000283   Thumb Code     0  startup.o(RESET)
    PWM1Generator0_Handler                   0x00000283   Thumb Code     0  startup.o(RESET)
    PWM1Generator1_Handler                   0x00000283   Thumb Code     0  startup.o(RESET)
    PWM1Generator2_Handler                   0x00000283   Thumb Code     0  startup.o(RESET)
    PWM1Generator3_Handler                   0x00000283   Thumb Code     0  startup.o(RESET)
    Quadrature0_Handler                      0x00000283   Thumb Code     0  startup.o(RESET)
    Quadrature1_Handler                      0x00000283   Thumb Code     0  startup.o(RESET)
    Quadrature2_Handler                      0x00000283   Thumb Code     0  startup.o(RESET)
    SSI0_Handler                             0x00000283   Thumb Code     0  startup.o(RESET)
    SSI1_Handler                             0x00000283   Thumb Code     0  startup.o(RESET)
    SSI2_Handler                             0x00000283   Thumb Code     0  startup.o(RESET)
    SSI3_Handler                             0x00000283   Thumb Code     0  startup.o(RESET)
    SysCtl_Handler                           0x00000283   Thumb Code     0  startup.o(RESET)
    Timer0B_Handler                          0x00000283   Thumb Code     0  startup.o(RESET)
    Timer1B_Handler                          0x00000283   Thumb Code     0  startup.o(RESET)
    Timer2B_Handler                          0x00000283   Thumb Code     0  startup.o(RESET)
    Timer3B_Handler                          0x00000283   Thumb Code     0  startup.o(RESET)
    Timer4A_Handler                          0x00000283   Thumb Code     0  startup.o(RESET)
    Timer4B_Handler                          0x00000283   Thumb Code     0  startup.o(RESET)
    Timer5A_Handler                          0x00000283   Thumb Code     0  startup.o(RESET)
    Timer5B_Handler                          0x00000283   Thumb Code     0  startup.o(RESET)
    UART0_Handler                            0x00000283   Thumb Code     0  startup.o(RESET)
    UART1_Handler                            0x00000283   Thumb Code     0  startup.o(RESET)
    UART2_Handler                            0x00000283   Thumb Code     0  startup.o(RESET)
    UART3_Handler                            0x00000283   Thumb Code     0  startup.o(RESET)
    UART4_Handler                            0x00000283   Thumb Code     0  startup.o(RESET)
    UART5_Handler                            0x00000283   Thumb Code     0  startup.o(RESET)
    UART6_Handler                            0x00000283   Thumb Code     0  startup.o(RESET)
    UART7_Handler                            0x00000283   Thumb Code     0  startup.o(RESET)
    USB0_Handler                             0x00000283   Thumb Code     0  startup.o(RESET)
    WDT_Handler                              0x00000283   Thumb Code     0  startup.o(RESET)
    WideTimer0A_Handler                      0x00000283   Thumb Code     0  startup.o(RESET)
    WideTimer0B_Handler                      0x00000283   Thumb Code     0  startup.o(RESET)
    WideTimer1A_Handler                      0x00000283   Thumb Code     0  startup.o(RESET)
    WideTimer1B_Handler                      0x00000283   Thumb Code     0  startup.o(RESET)
    WideTimer2A_Handler                      0x00000283   Thumb Code     0  startup.o(RESET)
    WideTimer2B_Handler                      0x00000283   Thumb Code     0  startup.o(RESET)
    WideTimer3A_Handler                      0x00000283   Thumb Code     0  startup.o(RESET)
    WideTimer3B_Handler                      0x00000283   Thumb Code     0  startup.o(RESET)
    WideTimer4A_Handler                      0x00000283   Thumb Code     0  startup.o(RESET)
    WideTimer4B_Handler                      0x00000283   Thumb Code     0  startup.o(RESET)
    WideTimer5A_Handler                      0x00000283   Thumb Code     0  startup.o(RESET)
    WideTimer5B_Handler                      0x00000283   Thumb Code     0  startup.o(RESET)
    uDMA_Error                               0x00000283   Thumb Code     0  startup.o(RESET)
    uDMA_Handler                             0x00000283   Thumb Code     0  startup.o(RESET)
    __main                                   0x00000285   Thumb Code     8  __main.o(!!!main)
    __scatterload                            0x0000028d   Thumb Code     0  __scatter.o(!!!scatter)
    __scatterload_rt2                        0x0000028d   Thumb Code    44  __scatter.o(!!!scatter)
    __scatterload_rt2_thumb_only             0x0000028d   Thumb Code     0  __scatter.o(!!!scatter)
    __scatterload_null                       0x0000029b   Thumb Code     0  __scatter.o(!!!scatter)
    __scatterload_copy                       0x000002c1   Thumb Code    26  __scatter_copy.o(!!handler_copy)
    __scatterload_zeroinit                   0x000002dd   Thumb Code    28  __scatter_zi.o(!!handler_zi)
    _printf_d                                0x000002f9   Thumb Code     0  _printf_d.o(.ARM.Collect$$_printf_percent$$00000009)
    _printf_percent                          0x000002f9   Thumb Code     0  _printf_percent.o(.ARM.Collect$$_printf_percent$$00000000)
    _printf_percent_end                      0x000002ff   Thumb Code     0  _printf_percent_end.o(.ARM.Collect$$_printf_percent$$00000017)
    __rt_lib_init                            0x00000303   Thumb Code     0  libinit.o(.ARM.Collect$$libinit$$00000000)
    __rt_lib_init_fp_1                       0x00000305   Thumb Code     0  libinit2.o(.ARM.Collect$$libinit$$00000002)
    __rt_lib_init_heap_2                     0x00000305   Thumb Code     0  libinit2.o(.ARM.Collect$$libinit$$00000003)
    __rt_lib_init_atexit_1                   0x0000030d   Thumb Code     0  libinit2.o(.ARM.Collect$$libinit$$00000019)
    __rt_lib_init_clock_1                    0x0000030d   Thumb Code     0  libinit2.o(.ARM.Collect$$libinit$$0000001F)
    __rt_lib_init_fp_trap_1                  0x0000030d   Thumb Code     0  libinit2.o(.ARM.Collect$$libinit$$0000001D)
    __rt_lib_init_getenv_1                   0x0000030d   Thumb Code     0  libinit2.o(.ARM.Collect$$libinit$$00000021)
    __rt_lib_init_heap_1                     0x0000030d   Thumb Code     0  libinit2.o(.ARM.Collect$$libinit$$00000008)
    __rt_lib_init_lc_collate_1               0x0000030d   Thumb Code     0  libinit2.o(.ARM.Collect$$libinit$$0000000F)
    __rt_lib_init_lc_ctype_1                 0x0000030d   Thumb Code     0  libinit2.o(.ARM.Collect$$libinit$$00000011)
    __rt_lib_init_lc_monetary_1              0x0000030d   Thumb Code     0  libinit2.o(.ARM.Collect$$libinit$$00000013)
    __rt_lib_init_lc_numeric_1               0x0000030d   Thumb Code     0  libinit2.o(.ARM.Collect$$libinit$$00000015)
    __rt_lib_init_lc_time_1                  0x0000030d   Thumb Code     0  libinit2.o(.ARM.Collect$$libinit$$00000017)
    __rt_lib_init_rand_1                     0x0000030d   Thumb Code     0  libinit2.o(.ARM.Collect$$libinit$$0000000C)
    __rt_lib_init_signal_1                   0x0000030d   Thumb Code     0  libinit2.o(.ARM.Collect$$libinit$$0000001B)
    __rt_lib_init_stdio_2                    0x0000030d   Thumb Code     0  libinit2.o(.ARM.Collect$$libinit$$00000022)
    __rt_lib_init_user_alloc_1               0x0000030d   Thumb Code     0  libinit2.o(.ARM.Collect$$libinit$$0000000A)
    __rt_lib_init_alloca_1                   0x00000311   Thumb Code     0  libinit2.o(.ARM.Collect$$libinit$$0000002C)
    __rt_lib_init_argv_1                     0x00000311   Thumb Code     0  libinit2.o(.ARM.Collect$$libinit$$0000002A)
    __rt_lib_init_cpp_1                      0x00000311   Thumb Code     0  libinit2.o(.ARM.Collect$$libinit$$00000030)
    __rt_lib_init_exceptions_1               0x00000311   Thumb Code     0  libinit2.o(.ARM.Collect$$libinit$$0000002E)
    __rt_lib_init_return                     0x00000311   Thumb Code     0  libinit2.o(.ARM.Collect$$libinit$$00000031)
    __rt_lib_init_stdio_1                    0x00000311   Thumb Code     0  libinit2.o(.ARM.Collect$$libinit$$00000023)
    __rt_lib_shutdown                        0x00000313   Thumb Code     0  libshutdown.o(.ARM.Collect$$libshutdown$$00000000)
    __rt_lib_shutdown_stdio_2                0x00000315   Thumb Code     0  libshutdown2.o(.ARM.Collect$$libshutdown$$00000002)
    __rt_lib_shutdown_fp_trap_1              0x00000319   Thumb Code     0  libshutdown2.o(.ARM.Collect$$libshutdown$$00000006)
    __rt_lib_shutdown_heap_1                 0x00000319   Thumb Code     0  libshutdown2.o(.ARM.Collect$$libshutdown$$0000000E)
    __rt_lib_shutdown_return                 0x00000319   Thumb Code     0  libshutdown2.o(.ARM.Collect$$libshutdown$$0000000F)
    __rt_lib_shutdown_signal_1               0x00000319   Thumb Code     0  libshutdown2.o(.ARM.Collect$$libshutdown$$00000009)
    __rt_lib_shutdown_stdio_1                0x00000319   Thumb Code     0  libshutdown2.o(.ARM.Collect$$libshutdown$$00000003)
    __rt_lib_shutdown_user_alloc_1           0x00000319   Thumb Code     0  libshutdown2.o(.ARM.Collect$$libshutdown$$0000000B)
    __rt_entry                               0x0000031b   Thumb Code     0  rtentry.o(.ARM.Collect$$rtentry$$00000000)
    __rt_entry_presh_1                       0x0000031b   Thumb Code     0  rtentry2.o(.ARM.Collect$$rtentry$$00000002)
    __rt_entry_sh                            0x0000031b   Thumb Code     0  rtentry4.o(.ARM.Collect$$rtentry$$00000004)
    __rt_entry_li                            0x00000321   Thumb Code     0  rtentry2.o(.ARM.Collect$$rtentry$$0000000A)
    __rt_entry_postsh_1                      0x00000321   Thumb Code     0  rtentry2.o(.ARM.Collect$$rtentry$$00000009)
    __rt_entry_main                          0x00000325   Thumb Code     0  rtentry2.o(.ARM.Collect$$rtentry$$0000000D)
    __rt_entry_postli_1                      0x00000325   Thumb Code     0  rtentry2.o(.ARM.Collect$$rtentry$$0000000C)
    __rt_exit                                0x0000032d   Thumb Code     0  rtexit.o(.ARM.Collect$$rtexit$$00000000)
    __rt_exit_ls                             0x0000032f   Thumb Code     0  rtexit2.o(.ARM.Collect$$rtexit$$00000003)
    __rt_exit_prels_1                        0x0000032f   Thumb Code     0  rtexit2.o(.ARM.Collect$$rtexit$$00000002)
    __rt_exit_exit                           0x00000333   Thumb Code     0  rtexit2.o(.ARM.Collect$$rtexit$$00000004)
    DisableInterrupts                        0x00000339   Thumb Code     0  startup.o(.text)
    _maybe_terminate_alloc                   0x00000339   Thumb Code     0  maybetermalloc1.o(.emb_text)
    EnableInterrupts                         0x0000033d   Thumb Code     0  startup.o(.text)
    StartCritical                            0x00000341   Thumb Code     0  startup.o(.text)
    EndCritical                              0x00000349   Thumb Code     0  startup.o(.text)
    WaitForInterrupt                         0x0000034f   Thumb Code     0  startup.o(.text)
    __user_initial_stackheap                 0x00000353   Thumb Code     0  startup.o(.text)
    __2printf                                0x00000369   Thumb Code    20  noretval__2printf.o(.text)
    __printf                                 0x00000381   Thumb Code   104  __printf.o(.text)
    _printf_int_dec                          0x000003e9   Thumb Code   102  _printf_dec.o(.text)
    __use_two_region_memory                  0x00000461   Thumb Code     2  heapauxi.o(.text)
    __rt_heap_escrow                         0x00000463   Thumb Code     2  heapauxi.o(.text)
    __rt_heap_expand                         0x00000465   Thumb Code     2  heapauxi.o(.text)
    _printf_int_common                       0x00000467   Thumb Code   184  _printf_intcommon.o(.text)
    _printf_char_file                        0x00000521   Thumb Code    32  _printf_char_file.o(.text)
    _printf_char_common                      0x0000054f   Thumb Code    32  _printf_char_common.o(.text)
    _initio                                  0x00000575   Thumb Code   210  initio.o(.text)
    _terminateio                             0x00000647   Thumb Code    56  initio.o(.text)
    _sys_open                                0x000006ad   Thumb Code    20  sys_io.o(.text)
    _sys_close                               0x000006c1   Thumb Code    12  sys_io.o(.text)
    _sys_write                               0x000006cd   Thumb Code    16  sys_io.o(.text)
    _sys_read                                0x000006dd   Thumb Code    14  sys_io.o(.text)
    _sys_istty                               0x000006eb   Thumb Code    12  sys_io.o(.text)
    _sys_seek                                0x000006f7   Thumb Code    14  sys_io.o(.text)
    _sys_ensure                              0x00000705   Thumb Code     2  sys_io.o(.text)
    _sys_flen                                0x00000707   Thumb Code    12  sys_io.o(.text)
    __user_setup_stackheap                   0x00000713   Thumb Code    74  sys_stackheap_outer.o(.text)
    free                                     0x0000075d   Thumb Code    78  h1_free.o(.text)
    setvbuf                                  0x000007ab   Thumb Code    70  setvbuf.o(.text)
    freopen                                  0x000007f1   Thumb Code   158  fopen.o(.text)
    fopen                                    0x0000088f   Thumb Code    74  fopen.o(.text)
    _fclose_internal                         0x000008dd   Thumb Code    76  fclose.o(.text)
    fclose                                   0x000008dd   Thumb Code     0  fclose.o(.text)
    exit                                     0x00000929   Thumb Code    12  exit.o(.text)
    __rt_SIGRTRED                            0x00000935   Thumb Code    14  defsig_rtred_outer.o(.text)
    __aeabi_memclr4                          0x00000943   Thumb Code     0  rt_memclr_w.o(.text)
    __aeabi_memclr8                          0x00000943   Thumb Code     0  rt_memclr_w.o(.text)
    __rt_memclr_w                            0x00000943   Thumb Code    78  rt_memclr_w.o(.text)
    _memset_w                                0x00000947   Thumb Code     0  rt_memclr_w.o(.text)
    __user_libspace                          0x00000991   Thumb Code     8  libspace.o(.text)
    __user_perproc_libspace                  0x00000991   Thumb Code     0  libspace.o(.text)
    __user_perthread_libspace                0x00000991   Thumb Code     0  libspace.o(.text)
    __I$use$semihosting                      0x00000999   Thumb Code     0  use_no_semi.o(.text)
    __use_no_semihosting_swi                 0x00000999   Thumb Code     2  use_no_semi.o(.text)
    __semihosting_library_function           0x0000099b   Thumb Code     0  indicate_semi.o(.text)
    __rt_heap_descriptor                     0x0000099d   Thumb Code     8  rt_heap_descriptor_intlibspace.o(.text)
    __use_no_heap                            0x000009a5   Thumb Code     2  hguard.o(.text)
    __heap$guard                             0x000009a7   Thumb Code     2  hguard.o(.text)
    _terminate_user_alloc                    0x000009a9   Thumb Code     2  init_alloc.o(.text)
    _init_user_alloc                         0x000009ab   Thumb Code     2  init_alloc.o(.text)
    __Heap_Full                              0x000009ad   Thumb Code    34  init_alloc.o(.text)
    __Heap_Broken                            0x000009cf   Thumb Code     6  init_alloc.o(.text)
    _init_alloc                              0x000009d5   Thumb Code    94  init_alloc.o(.text)
    malloc                                   0x00000a33   Thumb Code    94  h1_alloc.o(.text)
    _fseek                                   0x00000a91   Thumb Code   242  fseek.o(.text)
    fseek                                    0x00000a91   Thumb Code     0  fseek.o(.text)
    _seterr                                  0x00000b89   Thumb Code    20  stdio.o(.text)
    _writebuf                                0x00000b9d   Thumb Code    84  stdio.o(.text)
    _fflush                                  0x00000bf1   Thumb Code    70  stdio.o(.text)
    _deferredlazyseek                        0x00000c37   Thumb Code    60  stdio.o(.text)
    __sig_exit                               0x00000c79   Thumb Code    10  defsig_exit.o(.text)
    __rt_SIGRTRED_inner                      0x00000c85   Thumb Code    14  defsig_rtred_inner.o(.text)
    strlen                                   0x00000cb9   Thumb Code    62  strlen.o(.text)
    _sys_exit                                0x00000cf9   Thumb Code     8  sys_exit.o(.text)
    __Heap_Initialize                        0x00000d05   Thumb Code    10  h1_init.o(.text)
    __Heap_DescSize                          0x00000d0f   Thumb Code     4  h1_init.o(.text)
    __Heap_ProvideMemory                     0x00000d13   Thumb Code    52  h1_extend.o(.text)
    _ftell_internal                          0x00000d47   Thumb Code    70  ftell.o(.text)
    ftell                                    0x00000d47   Thumb Code     0  ftell.o(.text)
    __default_signal_display                 0x00000d8d   Thumb Code    50  defsig_general.o(.text)
    __rt_SIGRTMEM                            0x00000dbf   Thumb Code    14  defsig_rtmem_outer.o(.text)
    _ttywrch                                 0x00000dcd   Thumb Code    14  sys_wrch.o(.text)
    __aeabi_errno_addr                       0x00000ddd   Thumb Code     8  rt_errno_addr_intlibspace.o(.text)
    __errno$intlibspace                      0x00000ddd   Thumb Code     0  rt_errno_addr_intlibspace.o(.text)
    __rt_errno_addr$intlibspace              0x00000ddd   Thumb Code     0  rt_errno_addr_intlibspace.o(.text)
    __rt_SIGRTMEM_inner                      0x00000de5   Thumb Code    22  defsig_rtmem_inner.o(.text)
    ADC0_InSeq3                              0x00000e35   Thumb Code    36  adcswtrigger.o(i.ADC0_InSeq3)
    DAC_Out                                  0x00000e61   Thumb Code    36  sound.o(i.DAC_Out)
    Delay1ms                                 0x00000e8d   Thumb Code    32  st7735.o(i.Delay1ms)
    PLL_Init                                 0x00000ead   Thumb Code   118  pll.o(i.PLL_Init)
    ST7735_Circle                            0x00000f29   Thumb Code    40  display.o(i.ST7735_Circle)
    ST7735_Color565                          0x00000f59   Thumb Code    24  st7735.o(i.ST7735_Color565)
    ST7735_DrawCharS                         0x00000f71   Thumb Code   232  st7735.o(i.ST7735_DrawCharS)
    ST7735_DrawPixel                         0x00001065   Thumb Code    64  st7735.o(i.ST7735_DrawPixel)
    ST7735_DrawString                        0x000010ad   Thumb Code    86  st7735.o(i.ST7735_DrawString)
    ST7735_FillRect                          0x00001105   Thumb Code   164  st7735.o(i.ST7735_FillRect)
    ST7735_FillScreen                        0x000011b1   Thumb Code    28  st7735.o(i.ST7735_FillScreen)
    ST7735_InitR                             0x000011d5   Thumb Code    90  st7735.o(i.ST7735_InitR)
    ST7735_Line                              0x00001251   Thumb Code   214  display.o(i.ST7735_Line)
    ST7735_OutChar                           0x00001329   Thumb Code   176  st7735.o(i.ST7735_OutChar)
    ST7735_PlotClear                         0x000013fd   Thumb Code    74  st7735.o(i.ST7735_PlotClear)
    ST7735_SetCursor                         0x00001459   Thumb Code    22  st7735.o(i.ST7735_SetCursor)
    Switch_Init                              0x00001479   Thumb Code   104  switch.o(i.Switch_Init)
    Timer0A_Handler                          0x000014f5   Thumb Code   104  timer.o(i.Timer0A_Handler)
    Timer0A_Init60HzInt                      0x00001571   Thumb Code   102  timer.o(i.Timer0A_Init60HzInt)
    Timer1A_Handler                          0x000015ed   Thumb Code    46  sound.o(i.Timer1A_Handler)
    Timer1_Init                              0x0000162d   Thumb Code    80  sound.o(i.Timer1_Init)
    Timer2A_Handler                          0x0000168d   Thumb Code   168  systick.o(i.Timer2A_Handler)
    Timer3A_Handler                          0x0000175d   Thumb Code    24  adctestmain.o(i.Timer3A_Handler)
    drawClockHands                           0x00001959   Thumb Code   104  display.o(i.drawClockHands)
    drawDigTime                              0x000019d1   Thumb Code    82  display.o(i.drawDigTime)
    drawMode                                 0x00001a45   Thumb Code    84  display.o(i.drawMode)
    ferror                                   0x00001ae5   Thumb Code     8  st7735.o(i.ferror)
    fputc                                    0x00001aed   Thumb Code    16  st7735.o(i.fputc)
    main                                     0x00001afd   Thumb Code   440  alarm_main.o(i.main)
    portF_Input                              0x00001ced   Thumb Code    46  switch.o(i.portF_Input)
    dBfs                                     0x000023da   Data         512  st7735.o(.constdata)
    CircleX                                  0x000025dc   Data         720  display.o(.constdata)
    CircleY                                  0x000028ac   Data         720  display.o(.constdata)
    hourX                                    0x00002b7c   Data          52  display.o(.constdata)
    hourY                                    0x00002bb0   Data          52  display.o(.constdata)
    SinWave                                  0x00002be4   Data          64  sound.o(.constdata)
    fruitscandy                              0x00002c24   Data        2804  systick.o(.constdata)
    fruitTime                                0x00003718   Data         700  systick.o(.constdata)
    __stdin_name                             0x000039d4   Data           4  sys_io.o(.constdata)
    __stdout_name                            0x000039d8   Data           4  sys_io.o(.constdata)
    __stderr_name                            0x000039dc   Data           4  sys_io.o(.constdata)
    Region$$Table$$Base                      0x000039e0   Number         0  anon$$obj.o(Region$$Table)
    Region$$Table$$Limit                     0x00003a00   Number         0  anon$$obj.o(Region$$Table)
    i                                        0x20000000   Data           4  adctestmain.o(.data)
    k                                        0x20000004   Data           4  adctestmain.o(.data)
    canrun                                   0x20000008   Data           4  adctestmain.o(.data)
    ADCvalue                                 0x2000000c   Data           4  adctestmain.o(.data)
    first                                    0x20000010   Data           4  adctestmain.o(.data)
    second                                   0x20000014   Data           4  adctestmain.o(.data)
    median                                   0x20000018   Data           4  adctestmain.o(.data)
    StX                                      0x2000001c   Data           4  st7735.o(.data)
    StY                                      0x20000020   Data           4  st7735.o(.data)
    StTextColor                              0x20000024   Data           2  st7735.o(.data)
    lastj                                    0x2000002c   Data           4  st7735.o(.data)
    Messageindex                             0x20000034   Data           4  st7735.o(.data)
    Ymax                                     0x20000038   Data           4  st7735.o(.data)
    Ymin                                     0x2000003c   Data           4  st7735.o(.data)
    X                                        0x20000040   Data           4  st7735.o(.data)
    Yrange                                   0x20000044   Data           4  st7735.o(.data)
    hour                                     0x20000048   Data           4  alarm_main.o(.data)
    minute                                   0x2000004c   Data           4  alarm_main.o(.data)
    hourTemp                                 0x20000050   Data           4  alarm_main.o(.data)
    minuteTemp                               0x20000054   Data           4  alarm_main.o(.data)
    alarmHour                                0x20000058   Data           4  alarm_main.o(.data)
    alarmMinute                              0x2000005c   Data           4  alarm_main.o(.data)
    mode                                     0x20000060   Data           1  alarm_main.o(.data)
    alarmSet                                 0x20000061   Data           1  alarm_main.o(.data)
    alarmGoingOff                            0x20000062   Data           1  alarm_main.o(.data)
    songSetTemp                              0x20000063   Data           1  alarm_main.o(.data)
    curSong                                  0x20000064   Data           1  alarm_main.o(.data)
    AMPM                                     0x20000065   Data           1  alarm_main.o(.data)
    AMPMtemp                                 0x20000066   Data           1  alarm_main.o(.data)
    alarmAMPM                                0x20000067   Data           1  alarm_main.o(.data)
    clockSeconds                             0x20000068   Data           1  timer.o(.data)
    clockMinutes                             0x20000069   Data           1  timer.o(.data)
    clockHours                               0x2000006a   Data           1  timer.o(.data)
    alarmSeconds                             0x2000006b   Data           1  timer.o(.data)
    alarmMinutes                             0x2000006c   Data           1  timer.o(.data)
    alarmHours                               0x2000006d   Data           1  timer.o(.data)
    nextPlay                                 0x20000070   Data           1  sound.o(.data)
    count                                    0x20000074   Data           4  sound.o(.data)
    ADCMailbox                               0x20000078   Data           4  systick.o(.data)
    averageCount                             0x2000007c   Data           1  systick.o(.data)
    average                                  0x20000080   Data           4  systick.o(.data)
    Button                                   0x20000084   Data           4  systick.o(.data)
    play                                     0x20000088   Data           1  systick.o(.data)
    note                                     0x2000008c   Data           4  systick.o(.data)
    noteCount                                0x20000090   Data           4  systick.o(.data)
    noteTime                                 0x20000094   Data           1  systick.o(.data)
    songSet                                  0x20000095   Data           1  systick.o(.data)
    __aeabi_stdin                            0x20000098   Data           4  stdio_streams.o(.data)
    __aeabi_stdout                           0x2000009c   Data           4  stdio_streams.o(.data)
    __aeabi_stderr                           0x200000a0   Data           4  stdio_streams.o(.data)
    __stdin                                  0x200000a4   Data          84  stdio_streams.o(.bss)
    __stdout                                 0x200000f8   Data          84  stdio_streams.o(.bss)
    __stderr                                 0x2000014c   Data          84  stdio_streams.o(.bss)
    __libspace_start                         0x200001a0   Data          96  libspace.o(.bss)
    __temporary_stack_top$libspace           0x20000200   Data           0  libspace.o(.bss)



==============================================================================

Memory Map of the image

  Image Entry point : 0x0000026d

  Load Region LR_1 (Base: 0x00000000, Size: 0x00003aa4, Max: 0xffffffff, ABSOLUTE)

    Execution Region ER_RO (Base: 0x00000000, Size: 0x00003a00, Max: 0xffffffff, ABSOLUTE)

    Base Addr    Size         Type   Attr      Idx    E Section Name        Object

    0x00000000   0x00000284   Code   RO            3  * RESET               startup.o
    0x00000284   0x00000008   Code   RO          586  * !!!main             c_w.l(__main.o)
    0x0000028c   0x00000034   Code   RO          902    !!!scatter          c_w.l(__scatter.o)
    0x000002c0   0x0000001a   Code   RO          904    !!handler_copy      c_w.l(__scatter_copy.o)
    0x000002da   0x00000002   PAD
    0x000002dc   0x0000001c   Code   RO          906    !!handler_zi        c_w.l(__scatter_zi.o)
    0x000002f8   0x00000000   Code   RO          583    .ARM.Collect$$_printf_percent$$00000000  c_w.l(_printf_percent.o)
    0x000002f8   0x00000006   Code   RO          582    .ARM.Collect$$_printf_percent$$00000009  c_w.l(_printf_d.o)
    0x000002fe   0x00000004   Code   RO          593    .ARM.Collect$$_printf_percent$$00000017  c_w.l(_printf_percent_end.o)
    0x00000302   0x00000002   Code   RO          712    .ARM.Collect$$libinit$$00000000  c_w.l(libinit.o)
    0x00000304   0x00000000   Code   RO          714    .ARM.Collect$$libinit$$00000002  c_w.l(libinit2.o)
    0x00000304   0x00000008   Code   RO          715    .ARM.Collect$$libinit$$00000003  c_w.l(libinit2.o)
    0x0000030c   0x00000000   Code   RO          717    .ARM.Collect$$libinit$$00000008  c_w.l(libinit2.o)
    0x0000030c   0x00000000   Code   RO          719    .ARM.Collect$$libinit$$0000000A  c_w.l(libinit2.o)
    0x0000030c   0x00000000   Code   RO          721    .ARM.Collect$$libinit$$0000000C  c_w.l(libinit2.o)
    0x0000030c   0x00000000   Code   RO          724    .ARM.Collect$$libinit$$0000000F  c_w.l(libinit2.o)
    0x0000030c   0x00000000   Code   RO          726    .ARM.Collect$$libinit$$00000011  c_w.l(libinit2.o)
    0x0000030c   0x00000000   Code   RO          728    .ARM.Collect$$libinit$$00000013  c_w.l(libinit2.o)
    0x0000030c   0x00000000   Code   RO          730    .ARM.Collect$$libinit$$00000015  c_w.l(libinit2.o)
    0x0000030c   0x00000000   Code   RO          732    .ARM.Collect$$libinit$$00000017  c_w.l(libinit2.o)
    0x0000030c   0x00000000   Code   RO          734    .ARM.Collect$$libinit$$00000019  c_w.l(libinit2.o)
    0x0000030c   0x00000000   Code   RO          736    .ARM.Collect$$libinit$$0000001B  c_w.l(libinit2.o)
    0x0000030c   0x00000000   Code   RO          738    .ARM.Collect$$libinit$$0000001D  c_w.l(libinit2.o)
    0x0000030c   0x00000000   Code   RO          740    .ARM.Collect$$libinit$$0000001F  c_w.l(libinit2.o)
    0x0000030c   0x00000000   Code   RO          742    .ARM.Collect$$libinit$$00000021  c_w.l(libinit2.o)
    0x0000030c   0x00000004   Code   RO          743    .ARM.Collect$$libinit$$00000022  c_w.l(libinit2.o)
    0x00000310   0x00000000   Code   RO          744    .ARM.Collect$$libinit$$00000023  c_w.l(libinit2.o)
    0x00000310   0x00000000   Code   RO          748    .ARM.Collect$$libinit$$0000002A  c_w.l(libinit2.o)
    0x00000310   0x00000000   Code   RO          750    .ARM.Collect$$libinit$$0000002C  c_w.l(libinit2.o)
    0x00000310   0x00000000   Code   RO          752    .ARM.Collect$$libinit$$0000002E  c_w.l(libinit2.o)
    0x00000310   0x00000000   Code   RO          754    .ARM.Collect$$libinit$$00000030  c_w.l(libinit2.o)
    0x00000310   0x00000002   Code   RO          755    .ARM.Collect$$libinit$$00000031  c_w.l(libinit2.o)
    0x00000312   0x00000002   Code   RO          881    .ARM.Collect$$libshutdown$$00000000  c_w.l(libshutdown.o)
    0x00000314   0x00000004   Code   RO          757    .ARM.Collect$$libshutdown$$00000002  c_w.l(libshutdown2.o)
    0x00000318   0x00000000   Code   RO          758    .ARM.Collect$$libshutdown$$00000003  c_w.l(libshutdown2.o)
    0x00000318   0x00000000   Code   RO          761    .ARM.Collect$$libshutdown$$00000006  c_w.l(libshutdown2.o)
    0x00000318   0x00000000   Code   RO          764    .ARM.Collect$$libshutdown$$00000009  c_w.l(libshutdown2.o)
    0x00000318   0x00000000   Code   RO          766    .ARM.Collect$$libshutdown$$0000000B  c_w.l(libshutdown2.o)
    0x00000318   0x00000000   Code   RO          769    .ARM.Collect$$libshutdown$$0000000E  c_w.l(libshutdown2.o)
    0x00000318   0x00000002   Code   RO          770    .ARM.Collect$$libshutdown$$0000000F  c_w.l(libshutdown2.o)
    0x0000031a   0x00000000   Code   RO          588    .ARM.Collect$$rtentry$$00000000  c_w.l(rtentry.o)
    0x0000031a   0x00000000   Code   RO          601    .ARM.Collect$$rtentry$$00000002  c_w.l(rtentry2.o)
    0x0000031a   0x00000006   Code   RO          613    .ARM.Collect$$rtentry$$00000004  c_w.l(rtentry4.o)
    0x00000320   0x00000000   Code   RO          603    .ARM.Collect$$rtentry$$00000009  c_w.l(rtentry2.o)
    0x00000320   0x00000004   Code   RO          604    .ARM.Collect$$rtentry$$0000000A  c_w.l(rtentry2.o)
    0x00000324   0x00000000   Code   RO          606    .ARM.Collect$$rtentry$$0000000C  c_w.l(rtentry2.o)
    0x00000324   0x00000008   Code   RO          607    .ARM.Collect$$rtentry$$0000000D  c_w.l(rtentry2.o)
    0x0000032c   0x00000002   Code   RO          777    .ARM.Collect$$rtexit$$00000000  c_w.l(rtexit.o)
    0x0000032e   0x00000000   Code   RO          827    .ARM.Collect$$rtexit$$00000002  c_w.l(rtexit2.o)
    0x0000032e   0x00000004   Code   RO          828    .ARM.Collect$$rtexit$$00000003  c_w.l(rtexit2.o)
    0x00000332   0x00000006   Code   RO          829    .ARM.Collect$$rtexit$$00000004  c_w.l(rtexit2.o)
    0x00000338   0x00000000   Code   RO          833    .emb_text           c_w.l(maybetermalloc1.o)
    0x00000338   0x00000030   Code   RO            4    .text               startup.o
    0x00000368   0x00000018   Code   RO          556    .text               c_w.l(noretval__2printf.o)
    0x00000380   0x00000068   Code   RO          558    .text               c_w.l(__printf.o)
    0x000003e8   0x00000078   Code   RO          560    .text               c_w.l(_printf_dec.o)
    0x00000460   0x00000006   Code   RO          584    .text               c_w.l(heapauxi.o)
    0x00000466   0x000000b8   Code   RO          589    .text               c_w.l(_printf_intcommon.o)
    0x0000051e   0x00000002   PAD
    0x00000520   0x00000024   Code   RO          591    .text               c_w.l(_printf_char_file.o)
    0x00000544   0x00000030   Code   RO          615    .text               c_w.l(_printf_char_common.o)
    0x00000574   0x00000138   Code   RO          617    .text               c_w.l(initio.o)
    0x000006ac   0x00000066   Code   RO          621    .text               c_w.l(sys_io.o)
    0x00000712   0x0000004a   Code   RO          628    .text               c_w.l(sys_stackheap_outer.o)
    0x0000075c   0x0000004e   Code   RO          632    .text               c_w.l(h1_free.o)
    0x000007aa   0x00000046   Code   RO          688    .text               c_w.l(setvbuf.o)
    0x000007f0   0x000000ec   Code   RO          691    .text               c_w.l(fopen.o)
    0x000008dc   0x0000004c   Code   RO          693    .text               c_w.l(fclose.o)
    0x00000928   0x0000000c   Code   RO          699    .text               c_w.l(exit.o)
    0x00000934   0x0000000e   Code   RO          701    .text               c_w.l(defsig_rtred_outer.o)
    0x00000942   0x0000004e   Code   RO          705    .text               c_w.l(rt_memclr_w.o)
    0x00000990   0x00000008   Code   RO          771    .text               c_w.l(libspace.o)
    0x00000998   0x00000002   Code   RO          774    .text               c_w.l(use_no_semi.o)
    0x0000099a   0x00000000   Code   RO          776    .text               c_w.l(indicate_semi.o)
    0x0000099a   0x00000002   PAD
    0x0000099c   0x00000008   Code   RO          784    .text               c_w.l(rt_heap_descriptor_intlibspace.o)
    0x000009a4   0x00000004   Code   RO          786    .text               c_w.l(hguard.o)
    0x000009a8   0x0000008a   Code   RO          788    .text               c_w.l(init_alloc.o)
    0x00000a32   0x0000005e   Code   RO          794    .text               c_w.l(h1_alloc.o)
    0x00000a90   0x000000f8   Code   RO          808    .text               c_w.l(fseek.o)
    0x00000b88   0x000000f0   Code   RO          810    .text               c_w.l(stdio.o)
    0x00000c78   0x0000000a   Code   RO          812    .text               c_w.l(defsig_exit.o)
    0x00000c82   0x00000002   PAD
    0x00000c84   0x00000034   Code   RO          814    .text               c_w.l(defsig_rtred_inner.o)
    0x00000cb8   0x0000003e   Code   RO          816    .text               c_w.l(strlen.o)
    0x00000cf6   0x00000002   PAD
    0x00000cf8   0x0000000c   Code   RO          824    .text               c_w.l(sys_exit.o)
    0x00000d04   0x0000000e   Code   RO          835    .text               c_w.l(h1_init.o)
    0x00000d12   0x00000034   Code   RO          837    .text               c_w.l(h1_extend.o)
    0x00000d46   0x00000046   Code   RO          843    .text               c_w.l(ftell.o)
    0x00000d8c   0x00000032   Code   RO          847    .text               c_w.l(defsig_general.o)
    0x00000dbe   0x0000000e   Code   RO          849    .text               c_w.l(defsig_rtmem_outer.o)
    0x00000dcc   0x0000000e   Code   RO          862    .text               c_w.l(sys_wrch.o)
    0x00000dda   0x00000002   PAD
    0x00000ddc   0x00000008   Code   RO          869    .text               c_w.l(rt_errno_addr_intlibspace.o)
    0x00000de4   0x00000050   Code   RO          875    .text               c_w.l(defsig_rtmem_inner.o)
    0x00000e34   0x0000002c   Code   RO           12    i.ADC0_InSeq3       adcswtrigger.o
    0x00000e60   0x0000002c   Code   RO          494    i.DAC_Out           sound.o
    0x00000e8c   0x00000020   Code   RO          104    i.Delay1ms          st7735.o
    0x00000eac   0x0000007c   Code   RO           92    i.PLL_Init          pll.o
    0x00000f28   0x00000030   Code   RO          448    i.ST7735_Circle     display.o
    0x00000f58   0x00000018   Code   RO          110    i.ST7735_Color565   st7735.o
    0x00000f70   0x000000f4   Code   RO          113    i.ST7735_DrawCharS  st7735.o
    0x00001064   0x00000048   Code   RO          116    i.ST7735_DrawPixel  st7735.o
    0x000010ac   0x00000056   Code   RO          117    i.ST7735_DrawString  st7735.o
    0x00001102   0x00000002   PAD
    0x00001104   0x000000ac   Code   RO          118    i.ST7735_FillRect   st7735.o
    0x000011b0   0x00000024   Code   RO          119    i.ST7735_FillScreen  st7735.o
    0x000011d4   0x0000007c   Code   RO          121    i.ST7735_InitR      st7735.o
    0x00001250   0x000000d6   Code   RO          449    i.ST7735_Line       display.o
    0x00001326   0x00000002   PAD
    0x00001328   0x000000d4   Code   RO          123    i.ST7735_OutChar    st7735.o
    0x000013fc   0x0000005c   Code   RO          127    i.ST7735_PlotClear  st7735.o
    0x00001458   0x00000020   Code   RO          134    i.ST7735_SetCursor  st7735.o
    0x00001478   0x0000007c   Code   RO          430    i.Switch_Init       switch.o
    0x000014f4   0x0000007c   Code   RO          409    i.Timer0A_Handler   timer.o
    0x00001570   0x0000007c   Code   RO          410    i.Timer0A_Init60HzInt  timer.o
    0x000015ec   0x00000040   Code   RO          495    i.Timer1A_Handler   sound.o
    0x0000162c   0x00000060   Code   RO          496    i.Timer1_Init       sound.o
    0x0000168c   0x000000d0   Code   RO          527    i.Timer2A_Handler   systick.o
    0x0000175c   0x00000020   Code   RO           53    i.Timer3A_Handler   adctestmain.o
    0x0000177c   0x00000056   Code   RO          138    i.commandList       st7735.o
    0x000017d2   0x00000002   PAD
    0x000017d4   0x00000184   Code   RO          139    i.commonInit        st7735.o
    0x00001958   0x00000078   Code   RO          450    i.drawClockHands    display.o
    0x000019d0   0x00000074   Code   RO          451    i.drawDigTime       display.o
    0x00001a44   0x000000a0   Code   RO          453    i.drawMode          display.o
    0x00001ae4   0x00000008   Code   RO          140    i.ferror            st7735.o
    0x00001aec   0x00000010   Code   RO          143    i.fputc             st7735.o
    0x00001afc   0x000001f0   Code   RO          377    i.main              alarm_main.o
    0x00001cec   0x00000034   Code   RO          431    i.portF_Input       switch.o
    0x00001d20   0x00000012   Code   RO          144    i.pushColor         st7735.o
    0x00001d32   0x00000002   PAD
    0x00001d34   0x00000074   Code   RO          145    i.setAddrWindow     st7735.o
    0x00001da8   0x00000030   Code   RO          146    i.writecommand      st7735.o
    0x00001dd8   0x00000020   Code   RO          147    i.writedata         st7735.o
    0x00001df8   0x000007e2   Data   RO          149    .constdata          st7735.o
    0x000025da   0x00000002   PAD
    0x000025dc   0x00000608   Data   RO          454    .constdata          display.o
    0x00002be4   0x00000040   Data   RO          497    .constdata          sound.o
    0x00002c24   0x00000db0   Data   RO          529    .constdata          systick.o
    0x000039d4   0x00000004   Data   RO          622    .constdata          c_w.l(sys_io.o)
    0x000039d8   0x00000004   Data   RO          623    .constdata          c_w.l(sys_io.o)
    0x000039dc   0x00000004   Data   RO          624    .constdata          c_w.l(sys_io.o)
    0x000039e0   0x00000020   Data   RO          900    Region$$Table       anon$$obj.o


    Execution Region ER_RW (Base: 0x20000000, Size: 0x000000a4, Max: 0xffffffff, ABSOLUTE)

    Base Addr    Size         Type   Attr      Idx    E Section Name        Object

    0x20000000   0x0000001c   Data   RW           56    .data               adctestmain.o
    0x2000001c   0x0000002c   Data   RW          150    .data               st7735.o
    0x20000048   0x00000020   Data   RW          379    .data               alarm_main.o
    0x20000068   0x00000006   Data   RW          411    .data               timer.o
    0x2000006e   0x00000002   PAD
    0x20000070   0x00000008   Data   RW          498    .data               sound.o
    0x20000078   0x0000001e   Data   RW          530    .data               systick.o
    0x20000096   0x00000002   PAD
    0x20000098   0x00000004   Data   RW          597    .data               c_w.l(stdio_streams.o)
    0x2000009c   0x00000004   Data   RW          598    .data               c_w.l(stdio_streams.o)
    0x200000a0   0x00000004   Data   RW          599    .data               c_w.l(stdio_streams.o)


    Execution Region ER_ZI (Base: 0x200000a4, Size: 0x0000055c, Max: 0xffffffff, ABSOLUTE)

    Base Addr    Size         Type   Attr      Idx    E Section Name        Object

    0x200000a4   0x00000054   Zero   RW          594    .bss                c_w.l(stdio_streams.o)
    0x200000f8   0x00000054   Zero   RW          595    .bss                c_w.l(stdio_streams.o)
    0x2000014c   0x00000054   Zero   RW          596    .bss                c_w.l(stdio_streams.o)
    0x200001a0   0x00000060   Zero   RW          772    .bss                c_w.l(libspace.o)
    0x20000200   0x00000000   Zero   RW            2    HEAP                startup.o
    0x20000200   0x00000400   Zero   RW            1    STACK               startup.o


==============================================================================

Image component sizes


      Code (inc. data)   RO Data    RW Data    ZI Data      Debug   Object Name

        44          8          0          0          0       4602   adcswtrigger.o
        32          8          0         28          0       1642   adctestmain.o
       496         56          0         32          0       1376   alarm_main.o
       658        134       1544          0          0       3302   display.o
       124          6          0          0          0        387   pll.o
       204         42         64          8          0       1663   sound.o
      1838        208       2018         44          0      13681   st7735.o
       692        632          0          0       1024        844   startup.o
       176         26          0          0          0        804   switch.o
       208         40       3504         30          0       1330   systick.o
       248         42          0          6          0       1532   timer.o

    ----------------------------------------------------------------------
      4728       1202       7164        152       1024      31163   Object Totals
         0          0         32          0          0          0   (incl. Generated)
         8          0          2          4          0          0   (incl. Padding)

    ----------------------------------------------------------------------

      Code (inc. data)   RO Data    RW Data    ZI Data      Debug   Library Member Name

         8          0          0          0          0         68   __main.o
       104          0          0          0          0         84   __printf.o
        52          8          0          0          0          0   __scatter.o
        26          0          0          0          0          0   __scatter_copy.o
        28          0          0          0          0          0   __scatter_zi.o
        48          6          0          0          0         96   _printf_char_common.o
        36          4          0          0          0         80   _printf_char_file.o
         6          0          0          0          0          0   _printf_d.o
       120         18          0          0          0         92   _printf_dec.o
       184          0          0          0          0         88   _printf_intcommon.o
         0          0          0          0          0          0   _printf_percent.o
         4          0          0          0          0          0   _printf_percent_end.o
        10          0          0          0          0         68   defsig_exit.o
        50          0          0          0          0         88   defsig_general.o
        80         58          0          0          0         76   defsig_rtmem_inner.o
        14          0          0          0          0         80   defsig_rtmem_outer.o
        52         38          0          0          0         76   defsig_rtred_inner.o
        14          0          0          0          0         80   defsig_rtred_outer.o
        12          0          0          0          0         72   exit.o
        76          0          0          0          0         88   fclose.o
       236          4          0          0          0        128   fopen.o
       248          6          0          0          0         84   fseek.o
        70          0          0          0          0         76   ftell.o
        94          0          0          0          0         80   h1_alloc.o
        52          0          0          0          0         68   h1_extend.o
        78          0          0          0          0         80   h1_free.o
        14          0          0          0          0         84   h1_init.o
         6          0          0          0          0        152   heapauxi.o
         4          0          0          0          0        136   hguard.o
         0          0          0          0          0          0   indicate_semi.o
       138          0          0          0          0        168   init_alloc.o
       312         46          0          0          0        112   initio.o
         2          0          0          0          0          0   libinit.o
        14          0          0          0          0          0   libinit2.o
         2          0          0          0          0          0   libshutdown.o
         6          0          0          0          0          0   libshutdown2.o
         8          4          0          0         96         68   libspace.o
         0          0          0          0          0          0   maybetermalloc1.o
        24          4          0          0          0         84   noretval__2printf.o
         8          4          0          0          0         68   rt_errno_addr_intlibspace.o
         8          4          0          0          0         68   rt_heap_descriptor_intlibspace.o
        78          0          0          0          0         80   rt_memclr_w.o
         0          0          0          0          0          0   rtentry.o
        12          0          0          0          0          0   rtentry2.o
         6          0          0          0          0          0   rtentry4.o
         2          0          0          0          0          0   rtexit.o
        10          0          0          0          0          0   rtexit2.o
        70          0          0          0          0         80   setvbuf.o
       240          6          0          0          0        156   stdio.o
         0          0          0         12        252          0   stdio_streams.o
        62          0          0          0          0         76   strlen.o
        12          4          0          0          0         68   sys_exit.o
       102          0         12          0          0        240   sys_io.o
        74          0          0          0          0         80   sys_stackheap_outer.o
        14          0          0          0          0         76   sys_wrch.o
         2          0          0          0          0         68   use_no_semi.o

    ----------------------------------------------------------------------
      2944        214         12         12        348       3516   Library Totals
        12          0          0          0          0          0   (incl. Padding)

    ----------------------------------------------------------------------

      Code (inc. data)   RO Data    RW Data    ZI Data      Debug   Library Name

      2932        214         12         12        348       3516   c_w.l

    ----------------------------------------------------------------------
      2944        214         12         12        348       3516   Library Totals

    ----------------------------------------------------------------------

==============================================================================


      Code (inc. data)   RO Data    RW Data    ZI Data      Debug   

      7672       1416       7176        164       1372      30987   Grand Totals
      7672       1416       7176        164       1372      30987   ELF Image Totals
      7672       1416       7176        164          0          0   ROM Totals

==============================================================================

    Total RO  Size (Code + RO Data)                14848 (  14.50kB)
    Total RW  Size (RW Data + ZI Data)              1536 (   1.50kB)
    Total ROM Size (Code + RO Data + RW Data)      15012 (  14.66kB)

==============================================================================

