<html>
<body>
<pre>
<h1>µVision Build Log</h1>
<h2>Project:</h2>
C:\445L\Lab3\Lab3_445L\ADCSWTrigger.uvproj
Project File Date:  02/15/2016

<h2>Output:</h2>
Rebuild target 'ADCSWTrigger'
assembling startup.s...
compiling ADCSWTrigger.c...
compiling ADCTestMain.c...
compiling PLL.c...
compiling ST7735.c...
compiling Alarm_main.c...
compiling Timer.c...
compiling Switch.c...
compiling Display.c...
compiling Sound.c...
compiling Systick.c...
linking...
Program Size: Code=7672 RO-data=7176 RW-data=164 ZI-data=1372  
".\ADCSWTrigger.axf" - 0 Error(s), 0 Warning(s).
</pre>
</body>
</html>
